// Jest Snapshot v1, https://goo.gl/fbAQLP

exports[`APP It should render App 1`] = `
<div>
  <div />
</div>
`;
